// Jest Snapshot v1, https://goo.gl/fbAQLP

exports[`theme styles matches the snapshot 1`] = `
.c0 {
  color: inherit;
  cursor: pointer;
  -webkit-text-decoration: none;
  text-decoration: none;
}

.c0:active,
.c0:focus,
.c0:hover,
.c0:visited {
  outline: none;
}

.c1 {
  display: block;
  padding: 0.4em 0;
  font-size: 0.9em;
  color: #7b88a1;
  -webkit-transition: color 200ms ease-in-out;
  transition: color 200ms ease-in-out;
}

.c1:active,
.c1:focus,
.c1:hover {
  color: #4c566a;
}

.c1:first-child {
  padding-top: 0;
}

.c1:last-child {
  padding-bottom: 0;
}

<a
  class="c0 c1"
  href=""
  target="_blank"
>
  Nord
</a>
`;
